Turbo Assembler	 Version 4.1	    02/12/23 17:03:31	    Page 1
12.asm



      1	0000			     .model tiny
      2	0000			     .code
      3
      4				     org 100h
      5
      6	0100  BB B800		     Start:  mov bx, 0b800h
      7	0103  8E C3			     mov es, bx	     ; jump to video
      8
      9	0105  BA 012Cr			     mov dx, offset buf
     10
     11	0108  B4 0A			     mov ah, 0Ah
     12	010A  CD 21			     int 21h	     ; buffer input
     13
     14	010C  8B F2			     mov si, dx
     15	010E  46			     inc si	     ; cause dx	sucks
     16
     17	010F  8A 04			     mov al, ds:[si]
     18
     19	0111  BB 07D1			     mov bx, 80	* 25 + 1
     20	0114  2A D8			     sub bl, al	     ; i wanna mid of screen minus half	of string
     21
     22	0116  8B 0C			     mov cx, ds:[si] ; loop with <length> steps
     23	0118  32 ED			     xor ch, ch
     24
     25	011A  B4 CE			     mov ah, 0CEh    ; txt color
     26
     27	011C  46		     Next:   inc si
     28
     29	011D  8A 04			     mov al, ds:[si]
     30	011F  26: 89 07			     mov es:[bx], ax
     31
     32	0122  83 C3 02			     add bx, 2
     33
     34	0125  E2 F5			     loop Next	     ; exactly output
     35
     36	0127  B8 4C00			     mov ax, 4c00h
     37	012A  CD 21			     int 21h
     38
     39	012C  FF 00 FF*(00)	     buf     db	0FFh, 0, 0FFh dup (0)
     40
     41				     end     Start
Turbo Assembler	 Version 4.1	    02/12/23 17:03:31	    Page 2
Symbol Table




Symbol Name			  Type	 Value

??DATE				  Text	 "02/12/23"
??FILENAME			  Text	 "12	  "
??TIME				  Text	 "17:03:31"
??VERSION			  Number 040A
@32BIT				  Text	 0
@CODE				  Text	 DGROUP
@CODESIZE			  Text	 0
@CPU				  Text	 0101H
@CURSEG				  Text	 _TEXT
@DATA				  Text	 DGROUP
@DATASIZE			  Text	 0
@FILENAME			  Text	 12
@INTERFACE			  Text	 000H
@MODEL				  Text	 1
@STACK				  Text	 DGROUP
@WORDSIZE			  Text	 2
BUF				  Byte	 DGROUP:012C
NEXT				  Near	 DGROUP:011C
START				  Near	 DGROUP:0100

Groups & Segments		  Bit Size Align  Combine Class

DGROUP				  Group
  _DATA				  16  0000 Word	  Public  DATA
  _TEXT				  16  022D Word	  Public  CODE
