Turbo Assembler	 Version 4.1	    02/12/23 17:12:25	    Page 1
13.asm



      1	0000			     .model tiny
      2	0000			     .code
      3
      4				     org 100h
      5
      6	0100  C3		     Start:  ret
      7
      8	0101  BA 0000r			     mov dx, offset Msg
      9	0104  CD 21			     int 21h
     10
     11	0106  B8 C005			     mov ax, 0c005h
     12	0109  CD 21			     int 21h
     13
     14	010B			     .data
     15
     16	0000  6F 63 68 6B 6F 20	6E+  Msg     db	'ochko negra', '$'
     17	      65 67 72 61 24
     18
     19				     end     Start
Turbo Assembler	 Version 4.1	    02/12/23 17:12:25	    Page 2
Symbol Table




Symbol Name			  Type	 Value

??DATE				  Text	 "02/12/23"
??FILENAME			  Text	 "13	  "
??TIME				  Text	 "17:12:25"
??VERSION			  Number 040A
@32BIT				  Text	 0
@CODE				  Text	 DGROUP
@CODESIZE			  Text	 0
@CPU				  Text	 0101H
@CURSEG				  Text	 _DATA
@DATA				  Text	 DGROUP
@DATASIZE			  Text	 0
@FILENAME			  Text	 13
@INTERFACE			  Text	 000H
@MODEL				  Text	 1
@STACK				  Text	 DGROUP
@WORDSIZE			  Text	 2
MSG				  Byte	 DGROUP:0000
START				  Near	 DGROUP:0100

Groups & Segments		  Bit Size Align  Combine Class

DGROUP				  Group
  _DATA				  16  000C Word	  Public  DATA
  _TEXT				  16  010B Word	  Public  CODE
