Turbo Assembler	 Version 4.1	    02/25/23 24:36:14	    Page 1
border2.asm



      1	0000			     .model tiny
      2	0000			     .code
      3
      4				     locals @@
      5
      6				     org 100h
      7
      8	0100  BE 0080		     Start:  mov si, 80h
      9
     10	0103  AC			     lodsb
     11
     12	0104  32 FF			     xor bh, bh
     13	0106  8A D8			     mov bl, al			     ; bl is length of our string
     14
     15	0108  46			     inc si
     16	0109  AC			     lodsb
     17
     18	010A  2C 30			     sub al, '0'
     19	010C  3C 00			     cmp al, 0
     20
     21	010E  75 18			     jne ncbrd
     22
     23	0110  80 EB 09			     sub bl, 9			     ; length minus char of our	custom border
     24
     25	0113  BF 030Er			     mov di, offset cbrd
     26
     27					     REPT 9
     28
     29					     lodsb
     30					     stosb
     31
     32					     ENDM
1    33
1    34	0116  AC			     lodsb
1    35	0117  AA			     stosb
1    36
1    37
1    38	0118  AC			     lodsb
1    39	0119  AA			     stosb
1    40
1    41
1    42	011A  AC			     lodsb
1    43	011B  AA			     stosb
1    44
1    45
1    46	011C  AC			     lodsb
1    47	011D  AA			     stosb
1    48
1    49
1    50	011E  AC			     lodsb
1    51	011F  AA			     stosb
1    52
1    53
1    54	0120  AC			     lodsb
1    55	0121  AA			     stosb
1    56
1    57
Turbo Assembler	 Version 4.1	    02/25/23 24:36:14	    Page 2
border2.asm



1    58	0122  AC			     lodsb
1    59	0123  AA			     stosb
1    60
1    61
1    62	0124  AC			     lodsb
1    63	0125  AA			     stosb
1    64
1    65
1    66	0126  AC			     lodsb
1    67	0127  AA			     stosb
1    68
     69
     70	0128  80 EB 01		     ncbrd:  sub bl, 1
     71
     72	012B  33 D2			     xor dx, dx			     ; wanna set height	and length
     73
     74	012D  8B C3			     mov ax, bx
     75	012F  B2 0A			     mov dl, 10			     ; 10 chars	in one line
     76
     77	0131  F6 F2			     div dl			     ; wanna know how many lines will be
     78	0133  B2 1E			     mov dl, 30
     79
     80	0135  8A F0			     mov dh, al
     81	0137  02 D2			     add dl, dl			     ; convert to vm px	(2 bytes)
     82
     83	0139  80 C6 05			     add dh, 5
     84
     85	013C  BF B800			     mov di, 0B800h
     86	013F  8E C7			     mov es, di
     87
     88	0141  BF 07D0			     mov di, 80	* 25
     89
     90	0144  33 C9			     xor cx, cx
     91	0146  8A CA			     mov cl, dl
     92
     93	0148  2B F9			     sub di, cx			     ; x of lt
     94
     95	014A  8A CE			     mov cl, dh
     96
     97					     REPT 160
     98
     99					     sub di, cx			     ; y of lt
    100
    101					     ENDM			     ; di to start
1   102
1   103	014C  2B F9			     sub di, cx			     ; y of lt
1   104
1   105
1   106	014E  2B F9			     sub di, cx			     ; y of lt
1   107
1   108
1   109	0150  2B F9			     sub di, cx			     ; y of lt
1   110
1   111
1   112	0152  2B F9			     sub di, cx			     ; y of lt
1   113
1   114
Turbo Assembler	 Version 4.1	    02/25/23 24:36:14	    Page 3
border2.asm



1   115	0154  2B F9			     sub di, cx			     ; y of lt
1   116
1   117
1   118	0156  2B F9			     sub di, cx			     ; y of lt
1   119
1   120
1   121	0158  2B F9			     sub di, cx			     ; y of lt
1   122
1   123
1   124	015A  2B F9			     sub di, cx			     ; y of lt
1   125
1   126
1   127	015C  2B F9			     sub di, cx			     ; y of lt
1   128
1   129
1   130	015E  2B F9			     sub di, cx			     ; y of lt
1   131
1   132
1   133	0160  2B F9			     sub di, cx			     ; y of lt
1   134
1   135
1   136	0162  2B F9			     sub di, cx			     ; y of lt
1   137
1   138
1   139	0164  2B F9			     sub di, cx			     ; y of lt
1   140
1   141
1   142	0166  2B F9			     sub di, cx			     ; y of lt
1   143
1   144
1   145	0168  2B F9			     sub di, cx			     ; y of lt
1   146
1   147
1   148	016A  2B F9			     sub di, cx			     ; y of lt
1   149
1   150
1   151	016C  2B F9			     sub di, cx			     ; y of lt
1   152
1   153
1   154	016E  2B F9			     sub di, cx			     ; y of lt
1   155
1   156
1   157	0170  2B F9			     sub di, cx			     ; y of lt
1   158
1   159
1   160	0172  2B F9			     sub di, cx			     ; y of lt
1   161
1   162
1   163	0174  2B F9			     sub di, cx			     ; y of lt
1   164
1   165
1   166	0176  2B F9			     sub di, cx			     ; y of lt
1   167
1   168
1   169	0178  2B F9			     sub di, cx			     ; y of lt
1   170
1   171
Turbo Assembler	 Version 4.1	    02/25/23 24:36:14	    Page 4
border2.asm



1   172	017A  2B F9			     sub di, cx			     ; y of lt
1   173
1   174
1   175	017C  2B F9			     sub di, cx			     ; y of lt
1   176
1   177
1   178	017E  2B F9			     sub di, cx			     ; y of lt
1   179
1   180
1   181	0180  2B F9			     sub di, cx			     ; y of lt
1   182
1   183
1   184	0182  2B F9			     sub di, cx			     ; y of lt
1   185
1   186
1   187	0184  2B F9			     sub di, cx			     ; y of lt
1   188
1   189
1   190	0186  2B F9			     sub di, cx			     ; y of lt
1   191
1   192
1   193	0188  2B F9			     sub di, cx			     ; y of lt
1   194
1   195
1   196	018A  2B F9			     sub di, cx			     ; y of lt
1   197
1   198
1   199	018C  2B F9			     sub di, cx			     ; y of lt
1   200
1   201
1   202	018E  2B F9			     sub di, cx			     ; y of lt
1   203
1   204
1   205	0190  2B F9			     sub di, cx			     ; y of lt
1   206
1   207
1   208	0192  2B F9			     sub di, cx			     ; y of lt
1   209
1   210
1   211	0194  2B F9			     sub di, cx			     ; y of lt
1   212
1   213
1   214	0196  2B F9			     sub di, cx			     ; y of lt
1   215
1   216
1   217	0198  2B F9			     sub di, cx			     ; y of lt
1   218
1   219
1   220	019A  2B F9			     sub di, cx			     ; y of lt
1   221
1   222
1   223	019C  2B F9			     sub di, cx			     ; y of lt
1   224
1   225
1   226	019E  2B F9			     sub di, cx			     ; y of lt
1   227
1   228
Turbo Assembler	 Version 4.1	    02/25/23 24:36:14	    Page 5
border2.asm



1   229	01A0  2B F9			     sub di, cx			     ; y of lt
1   230
1   231
1   232	01A2  2B F9			     sub di, cx			     ; y of lt
1   233
1   234
1   235	01A4  2B F9			     sub di, cx			     ; y of lt
1   236
1   237
1   238	01A6  2B F9			     sub di, cx			     ; y of lt
1   239
1   240
1   241	01A8  2B F9			     sub di, cx			     ; y of lt
1   242
1   243
1   244	01AA  2B F9			     sub di, cx			     ; y of lt
1   245
1   246
1   247	01AC  2B F9			     sub di, cx			     ; y of lt
1   248
1   249
1   250	01AE  2B F9			     sub di, cx			     ; y of lt
1   251
1   252
1   253	01B0  2B F9			     sub di, cx			     ; y of lt
1   254
1   255
1   256	01B2  2B F9			     sub di, cx			     ; y of lt
1   257
1   258
1   259	01B4  2B F9			     sub di, cx			     ; y of lt
1   260
1   261
1   262	01B6  2B F9			     sub di, cx			     ; y of lt
1   263
1   264
1   265	01B8  2B F9			     sub di, cx			     ; y of lt
1   266
1   267
1   268	01BA  2B F9			     sub di, cx			     ; y of lt
1   269
1   270
1   271	01BC  2B F9			     sub di, cx			     ; y of lt
1   272
1   273
1   274	01BE  2B F9			     sub di, cx			     ; y of lt
1   275
1   276
1   277	01C0  2B F9			     sub di, cx			     ; y of lt
1   278
1   279
1   280	01C2  2B F9			     sub di, cx			     ; y of lt
1   281
1   282
1   283	01C4  2B F9			     sub di, cx			     ; y of lt
1   284
1   285
Turbo Assembler	 Version 4.1	    02/25/23 24:36:14	    Page 6
border2.asm



1   286	01C6  2B F9			     sub di, cx			     ; y of lt
1   287
1   288
1   289	01C8  2B F9			     sub di, cx			     ; y of lt
1   290
1   291
1   292	01CA  2B F9			     sub di, cx			     ; y of lt
1   293
1   294
1   295	01CC  2B F9			     sub di, cx			     ; y of lt
1   296
1   297
1   298	01CE  2B F9			     sub di, cx			     ; y of lt
1   299
1   300
1   301	01D0  2B F9			     sub di, cx			     ; y of lt
1   302
1   303
1   304	01D2  2B F9			     sub di, cx			     ; y of lt
1   305
1   306
1   307	01D4  2B F9			     sub di, cx			     ; y of lt
1   308
1   309
1   310	01D6  2B F9			     sub di, cx			     ; y of lt
1   311
1   312
1   313	01D8  2B F9			     sub di, cx			     ; y of lt
1   314
1   315
1   316	01DA  2B F9			     sub di, cx			     ; y of lt
1   317
1   318
1   319	01DC  2B F9			     sub di, cx			     ; y of lt
1   320
1   321
1   322	01DE  2B F9			     sub di, cx			     ; y of lt
1   323
1   324
1   325	01E0  2B F9			     sub di, cx			     ; y of lt
1   326
1   327
1   328	01E2  2B F9			     sub di, cx			     ; y of lt
1   329
1   330
1   331	01E4  2B F9			     sub di, cx			     ; y of lt
1   332
1   333
1   334	01E6  2B F9			     sub di, cx			     ; y of lt
1   335
1   336
1   337	01E8  2B F9			     sub di, cx			     ; y of lt
1   338
1   339
1   340	01EA  2B F9			     sub di, cx			     ; y of lt
1   341
1   342
Turbo Assembler	 Version 4.1	    02/25/23 24:36:14	    Page 7
border2.asm



1   343	01EC  2B F9			     sub di, cx			     ; y of lt
1   344
1   345
1   346	01EE  2B F9			     sub di, cx			     ; y of lt
1   347
1   348
1   349	01F0  2B F9			     sub di, cx			     ; y of lt
1   350
1   351
1   352	01F2  2B F9			     sub di, cx			     ; y of lt
1   353
1   354
1   355	01F4  2B F9			     sub di, cx			     ; y of lt
1   356
1   357
1   358	01F6  2B F9			     sub di, cx			     ; y of lt
1   359
1   360
1   361	01F8  2B F9			     sub di, cx			     ; y of lt
1   362
1   363
1   364	01FA  2B F9			     sub di, cx			     ; y of lt
1   365
1   366
1   367	01FC  2B F9			     sub di, cx			     ; y of lt
1   368
1   369
1   370	01FE  2B F9			     sub di, cx			     ; y of lt
1   371
1   372
1   373	0200  2B F9			     sub di, cx			     ; y of lt
1   374
1   375
1   376	0202  2B F9			     sub di, cx			     ; y of lt
1   377
1   378
1   379	0204  2B F9			     sub di, cx			     ; y of lt
1   380
1   381
1   382	0206  2B F9			     sub di, cx			     ; y of lt
1   383
1   384
1   385	0208  2B F9			     sub di, cx			     ; y of lt
1   386
1   387
1   388	020A  2B F9			     sub di, cx			     ; y of lt
1   389
1   390
1   391	020C  2B F9			     sub di, cx			     ; y of lt
1   392
1   393
1   394	020E  2B F9			     sub di, cx			     ; y of lt
1   395
1   396
1   397	0210  2B F9			     sub di, cx			     ; y of lt
1   398
1   399
Turbo Assembler	 Version 4.1	    02/25/23 24:36:14	    Page 8
border2.asm



1   400	0212  2B F9			     sub di, cx			     ; y of lt
1   401
1   402
1   403	0214  2B F9			     sub di, cx			     ; y of lt
1   404
1   405
1   406	0216  2B F9			     sub di, cx			     ; y of lt
1   407
1   408
1   409	0218  2B F9			     sub di, cx			     ; y of lt
1   410
1   411
1   412	021A  2B F9			     sub di, cx			     ; y of lt
1   413
1   414
1   415	021C  2B F9			     sub di, cx			     ; y of lt
1   416
1   417
1   418	021E  2B F9			     sub di, cx			     ; y of lt
1   419
1   420
1   421	0220  2B F9			     sub di, cx			     ; y of lt
1   422
1   423
1   424	0222  2B F9			     sub di, cx			     ; y of lt
1   425
1   426
1   427	0224  2B F9			     sub di, cx			     ; y of lt
1   428
1   429
1   430	0226  2B F9			     sub di, cx			     ; y of lt
1   431
1   432
1   433	0228  2B F9			     sub di, cx			     ; y of lt
1   434
1   435
1   436	022A  2B F9			     sub di, cx			     ; y of lt
1   437
1   438
1   439	022C  2B F9			     sub di, cx			     ; y of lt
1   440
1   441
1   442	022E  2B F9			     sub di, cx			     ; y of lt
1   443
1   444
1   445	0230  2B F9			     sub di, cx			     ; y of lt
1   446
1   447
1   448	0232  2B F9			     sub di, cx			     ; y of lt
1   449
1   450
1   451	0234  2B F9			     sub di, cx			     ; y of lt
1   452
1   453
1   454	0236  2B F9			     sub di, cx			     ; y of lt
1   455
1   456
Turbo Assembler	 Version 4.1	    02/25/23 24:36:14	    Page 9
border2.asm



1   457	0238  2B F9			     sub di, cx			     ; y of lt
1   458
1   459
1   460	023A  2B F9			     sub di, cx			     ; y of lt
1   461
1   462
1   463	023C  2B F9			     sub di, cx			     ; y of lt
1   464
1   465
1   466	023E  2B F9			     sub di, cx			     ; y of lt
1   467
1   468
1   469	0240  2B F9			     sub di, cx			     ; y of lt
1   470
1   471
1   472	0242  2B F9			     sub di, cx			     ; y of lt
1   473
1   474
1   475	0244  2B F9			     sub di, cx			     ; y of lt
1   476
1   477
1   478	0246  2B F9			     sub di, cx			     ; y of lt
1   479
1   480
1   481	0248  2B F9			     sub di, cx			     ; y of lt
1   482
1   483
1   484	024A  2B F9			     sub di, cx			     ; y of lt
1   485
1   486
1   487	024C  2B F9			     sub di, cx			     ; y of lt
1   488
1   489
1   490	024E  2B F9			     sub di, cx			     ; y of lt
1   491
1   492
1   493	0250  2B F9			     sub di, cx			     ; y of lt
1   494
1   495
1   496	0252  2B F9			     sub di, cx			     ; y of lt
1   497
1   498
1   499	0254  2B F9			     sub di, cx			     ; y of lt
1   500
1   501
1   502	0256  2B F9			     sub di, cx			     ; y of lt
1   503
1   504
1   505	0258  2B F9			     sub di, cx			     ; y of lt
1   506
1   507
1   508	025A  2B F9			     sub di, cx			     ; y of lt
1   509
1   510
1   511	025C  2B F9			     sub di, cx			     ; y of lt
1   512
1   513
Turbo Assembler	 Version 4.1	    02/25/23 24:36:14	    Page 10
border2.asm



1   514	025E  2B F9			     sub di, cx			     ; y of lt
1   515
1   516
1   517	0260  2B F9			     sub di, cx			     ; y of lt
1   518
1   519
1   520	0262  2B F9			     sub di, cx			     ; y of lt
1   521
1   522
1   523	0264  2B F9			     sub di, cx			     ; y of lt
1   524
1   525
1   526	0266  2B F9			     sub di, cx			     ; y of lt
1   527
1   528
1   529	0268  2B F9			     sub di, cx			     ; y of lt
1   530
1   531
1   532	026A  2B F9			     sub di, cx			     ; y of lt
1   533
1   534
1   535	026C  2B F9			     sub di, cx			     ; y of lt
1   536
1   537
1   538	026E  2B F9			     sub di, cx			     ; y of lt
1   539
1   540
1   541	0270  2B F9			     sub di, cx			     ; y of lt
1   542
1   543
1   544	0272  2B F9			     sub di, cx			     ; y of lt
1   545
1   546
1   547	0274  2B F9			     sub di, cx			     ; y of lt
1   548
1   549
1   550	0276  2B F9			     sub di, cx			     ; y of lt
1   551
1   552
1   553	0278  2B F9			     sub di, cx			     ; y of lt
1   554
1   555
1   556	027A  2B F9			     sub di, cx			     ; y of lt
1   557
1   558
1   559	027C  2B F9			     sub di, cx			     ; y of lt
1   560
1   561
1   562	027E  2B F9			     sub di, cx			     ; y of lt
1   563
1   564
1   565	0280  2B F9			     sub di, cx			     ; y of lt
1   566
1   567
1   568	0282  2B F9			     sub di, cx			     ; y of lt
1   569
1   570
Turbo Assembler	 Version 4.1	    02/25/23 24:36:14	    Page 11
border2.asm



1   571	0284  2B F9			     sub di, cx			     ; y of lt
1   572
1   573
1   574	0286  2B F9			     sub di, cx			     ; y of lt
1   575
1   576
1   577	0288  2B F9			     sub di, cx			     ; y of lt
1   578
1   579
1   580	028A  2B F9			     sub di, cx			     ; y of lt
1   581
    582
    583	028C  80 C6 05			     add dh, 5
    584
    585	028F  B4 1E			     mov ah, 01Eh		     ; 24 Feb......
    586
    587	0291  BE 0082			     mov si, 82h
    588
    589	0294  8A 0C			     mov cl, byte ptr [si]
    590	0296  80 E9 30			     sub cl, '0'
    591	0299  32 ED			     xor ch, ch			     ; cl is type
    592
    593	029B  BE 030Er			     mov si, offset cbrd
    594
    595	029E  80 F9 00			     cmp cl, 0
    596	02A1  74 05			     je	custom
    597
    598	02A3  83 C6 09		     @@next: add si, 9
    599	02A6  E2 FB			     loop @@next
    600
    601	02A8			     custom:
    602
    603	02A8  E8 0005			     call Border
    604
    605	02AB  B8 4C00			     mov ax, 4C00h
    606	02AE  CD 21			     int 21h
    607
    608					     include bordre.asi
1   609				     ;
1   610				     ; args - ah, di, dl, si
1   611				     ; ah - attribute
1   612				     ; di - start
1   613				     ; dl - width
1   614				     ; si - border source
1   615				     ; dh - height
1   616				     ; destroys	- dohuya
1   617				     ;
1   618
1   619	02B0			     Border  proc
1   620	02B0  55			     push bp
1   621
1   622	02B1  E8 0045			     call String
1   623
1   624	02B4  81 C7 00A0		     add di, 80	* 2
1   625
1   626	02B8  32 FF			     xor bh, bh		     ; cringe
1   627	02BA  8A DA			     mov bl, dl
Turbo Assembler	 Version 4.1	    02/25/23 24:36:14	    Page 12
border2.asm



1   628
1   629	02BC  2B FB			     sub di, bx
1   630	02BE  2B FB			     sub di, bx
1   631
1   632	02C0  8B EA			     mov bp, dx
1   633	02C2  81 E5 FF00		     and bp, 0FF00h
1   634	02C6  D1 ED D1 ED D1 ED	D1+	     shr bp, 8
    635	      ED D1 ED D1 ED D1	ED+
    636	      D1 ED
1   637	02D6  83 ED 02			     sub bp, 2
1   638
1   639	02D9  E8 001D		     zaloop: call String
1   640
1   641	02DC  83 EE 03			     sub si, 3
1   642
1   643	02DF  81 C7 00A0		     add di, 80	* 2
1   644
1   645	02E3  32 FF			     xor bh, bh		     ; cringe
1   646	02E5  8A DA			     mov bl, dl
1   647
1   648	02E7  2B FB			     sub di, bx
1   649	02E9  2B FB			     sub di, bx
1   650
1   651	02EB  4D			     dec bp
1   652
1   653	02EC  83 FD 00			     cmp bp, 0
1   654	02EF  75 E8			     jne zaloop
1   655
1   656	02F1  83 C6 03			     add si, 3
1   657
1   658	02F4  E8 0002			     call String
1   659
1   660	02F7  5D			     pop bp
1   661	02F8  C3			     ret
1   662	02F9				     endp
1   663
1   664					     include string.asi
2   665				     ;
2   666				     ; args - ah, di, dl
2   667				     ; ah - attribute
2   668				     ; di - start
2   669				     ; dl - length
2   670				     ; destroys	- si, cx
2   671				     ;
2   672
2   673	02F9			     String  proc
2   674
2   675	02F9  AC			     lodsb
2   676	02FA  AB			     stosw
2   677
2   678	02FB  AC			     lodsb
2   679
2   680	02FC  8A CA			     mov cl, dl
2   681	02FE  80 E9 02			     sub cl, 2
2   682	0301  32 ED			     xor ch, ch
2   683
2   684	0303  26: 89 05		     @@Next: mov es:[di], ax
Turbo Assembler	 Version 4.1	    02/25/23 24:36:14	    Page 13
border2.asm



2   685
2   686	0306  83 C7 02			     add di, 2
2   687
2   688	0309  E2 F8			     loop @@Next
2   689
2   690	030B  AC			     lodsb
2   691	030C  AB			     stosw
2   692
2   693	030D  C3			     ret
2   694	030E				     endp
    695
    696	030E  ?? ?? ?? ?? ?? ??	??+  cbrd    db	  ?,   ?,   ?,	 ?,   ?,   ?,	?,   ?,	  ?  ; custom border
    697	      ?? ??
    698	0317  40 40 40 40 00 40	40+  brd1    db	40h, 40h, 40h, 40h, 00h, 40h, 40h, 40h,	40h
    699	      40 40
    700	0320  80 80 80 80 00 80	80+  brd2    db	80h, 80h, 80h, 80h, 00h, 80h, 80h, 80h,	80h
    701	      80 80
    702	0329  1E 1E 1E 1E 00 1E	1E+  brd3    db	1Eh, 1Eh, 1Eh, 1Eh, 00h, 1Eh, 1Eh, 1Eh,	1Eh
    703	      1E 1E
    704	0332  40 40 40 40 00 40	40+  brd4    db	40h, 40h, 40h, 40h, 00h, 40h, 40h, 40h,	40h
    705	      40 40
    706	033B  40 40 40 40 00 40	40+  brd5    db	40h, 40h, 40h, 40h, 00h, 40h, 40h, 40h,	40h
    707	      40 40
    708
    709				     end     Start
Turbo Assembler	 Version 4.1	    02/25/23 24:36:14	    Page 14
Symbol Table




Symbol Name			  Type	 Value

??DATE				  Text	 "02/25/23"
??FILENAME			  Text	 "border2 "
??TIME				  Text	 "24:36:13"
??VERSION			  Number 040A
@32BIT				  Text	 0
@@NEXT				  Near	 DGROUP:02A3
@@NEXT				  Near	 DGROUP:0303
@CODE				  Text	 DGROUP
@CODESIZE			  Text	 0
@CPU				  Text	 0101H
@CURSEG				  Text	 _TEXT
@DATA				  Text	 DGROUP
@DATASIZE			  Text	 0
@FILENAME			  Text	 BORDER2
@INTERFACE			  Text	 000H
@MODEL				  Text	 1
@STACK				  Text	 DGROUP
@WORDSIZE			  Text	 2
BORDER				  Near	 DGROUP:02B0
BRD1				  Byte	 DGROUP:0317
BRD2				  Byte	 DGROUP:0320
BRD3				  Byte	 DGROUP:0329
BRD4				  Byte	 DGROUP:0332
BRD5				  Byte	 DGROUP:033B
CBRD				  Byte	 DGROUP:030E
CUSTOM				  Near	 DGROUP:02A8
NCBRD				  Near	 DGROUP:0128
START				  Near	 DGROUP:0100
STRING				  Near	 DGROUP:02F9
ZALOOP				  Near	 DGROUP:02D9

Groups & Segments		  Bit Size Align  Combine Class

DGROUP				  Group
  _DATA				  16  0000 Word	  Public  DATA
  _TEXT				  16  0344 Word	  Public  CODE
