Turbo Assembler	 Version 4.1	    02/20/23 02:44:01	    Page 1
string.asm



      1				     ;
      2				     ; args - ah, bx, di, dl
      3				     ; destroys	- dohuya
      4				     ;
      5
      6	0000			     .model tiny
      7	0000			     .code
      8
      9				     org 100h
     10
     11	0100  BE 012Br		     Start:  mov si, offset brd
     12	0103  B4 CE			     mov ah, 0CEh
     13	0105  BB B800			     mov bx, 0B800h
     14	0108  8E C3			     mov es, bx
     15	010A  BF 0BE0			     mov di, 80	* 19 * 2
     16	010D  B2 04			     mov dl, 4
     17
     18	010F  E8 0005			     call String
     19
     20	0112  B8 4C00			     mov ax, 4C00h
     21	0115  CD 21			     int 21h
     22
     23	0117			     String  proc
     24	0117  55			     push bp
     25
     26	0118  AC			     lodsb
     27	0119  AB			     stosw
     28
     29	011A  AC			     lodsb
     30
     31	011B  8A CA			     mov cl, dl
     32	011D  32 ED			     xor ch, ch
     33
     34	011F  26: 89 05		     @@Next: mov es:[di], ax
     35
     36	0122  83 C7 02			     add di, 2
     37
     38	0125  E2 F8			     loop @@Next
     39
     40	0127  AC			     lodsb
     41	0128  AB			     stosw
     42
     43	0129  5D			     pop bp
     44	012A  C3			     ret
     45	012B				     endp
     46
     47	012B  68 75 69		     brd     db	'hui'
     48
     49				     end     Start
Turbo Assembler	 Version 4.1	    02/20/23 02:44:01	    Page 2
Symbol Table




Symbol Name			  Type	 Value

??DATE				  Text	 "02/20/23"
??FILENAME			  Text	 "string  "
??TIME				  Text	 "02:44:01"
??VERSION			  Number 040A
@32BIT				  Text	 0
@@NEXT				  Near	 DGROUP:011F
@CODE				  Text	 DGROUP
@CODESIZE			  Text	 0
@CPU				  Text	 0101H
@CURSEG				  Text	 _TEXT
@DATA				  Text	 DGROUP
@DATASIZE			  Text	 0
@FILENAME			  Text	 STRING
@INTERFACE			  Text	 000H
@MODEL				  Text	 1
@STACK				  Text	 DGROUP
@WORDSIZE			  Text	 2
BRD				  Byte	 DGROUP:012B
START				  Near	 DGROUP:0100
STRING				  Near	 DGROUP:0117

Groups & Segments		  Bit Size Align  Combine Class

DGROUP				  Group
  _DATA				  16  0000 Word	  Public  DATA
  _TEXT				  16  012E Word	  Public  CODE
